Archive member included to satisfy reference by file (symbol)

C:/ti/mspm0_sdk_2_02_00_05/source\ti/driverlib/lib/gcc/m0p/mspm0g1x0x_g3x0x/driverlib.a(dl_common.o)
                              ./ti_msp_dl_config.o (DL_Common_delayCycles)
C:/ti/ccs1271/ccs/tools/compiler/gcc-arm-none-eabi-9-2019-q4-major/arm-none-eabi/lib/thumb/v6-m/nofp\libc.a(lib_a-init.o)
                              ./startup_mspm0g350x_gcc.o (__libc_init_array)

Memory Configuration

Name             Origin             Length             Attributes
FLASH            0x00000000         0x00020000         xr
SRAM             0x20200000         0x00008000         xrw
BCR_CONFIG       0x41c00000         0x00000080         r
BSL_CONFIG       0x41c00100         0x00000080         r
*default*        0x00000000         0xffffffff

Linker script and memory map

LOAD ./empty.o
LOAD ./ti_msp_dl_config.o
LOAD ./startup_mspm0g350x_gcc.o
                0x00000000                _Min_Heap_Size = 0x0
                0x00000080                _Min_Stack_Size = 0x80
                0x00000000                PROVIDE (_intvecs_base_address = DEFINED (_intvecs_base_address)?_intvecs_base_address:0x0)

.intvecs        0x00000000       0xc0
 *(.intvecs)
 .intvecs       0x00000000       0xc0 ./startup_mspm0g350x_gcc.o
                0x00000000                interruptVectors
                0x20200000                PROVIDE (_vtable_base_address = DEFINED (_vtable_base_address)?_vtable_base_address:0x20200000)

.vtable
 *(.vtable)

.text           0x000000c0      0x188
 CREATE_OBJECT_SYMBOLS
 *(.text)
 .text          0x000000c0        0x0 ./empty.o
 .text          0x000000c0        0x0 ./ti_msp_dl_config.o
 .text          0x000000c0        0x0 ./startup_mspm0g350x_gcc.o
 .text          0x000000c0        0x0 C:/ti/mspm0_sdk_2_02_00_05/source\ti/driverlib/lib/gcc/m0p/mspm0g1x0x_g3x0x/driverlib.a(dl_common.o)
 .text          0x000000c0        0x0 C:/ti/ccs1271/ccs/tools/compiler/gcc-arm-none-eabi-9-2019-q4-major/arm-none-eabi/lib/thumb/v6-m/nofp\libc.a(lib_a-init.o)
                0x000000c0                . = ALIGN (0x8)
 *(.text.*)
 .text.startup.main
                0x000000c0        0x8 ./empty.o
                0x000000c0                main
 .text.SYSCFG_DL_initPower
                0x000000c8       0x34 ./ti_msp_dl_config.o
                0x000000c8                SYSCFG_DL_initPower
 .text.SYSCFG_DL_GPIO_init
                0x000000fc        0x4 ./ti_msp_dl_config.o
                0x000000fc                SYSCFG_DL_GPIO_init
 .text.SYSCFG_DL_SYSCTL_init
                0x00000100       0x50 ./ti_msp_dl_config.o
                0x00000100                SYSCFG_DL_SYSCTL_init
 .text.SYSCFG_DL_init
                0x00000150       0x10 ./ti_msp_dl_config.o
                0x00000150                SYSCFG_DL_init
 .text.Default_Handler
                0x00000160        0x4 ./startup_mspm0g350x_gcc.o
                0x00000160                TIMG6_IRQHandler
                0x00000160                TIMG8_IRQHandler
                0x00000160                I2C0_IRQHandler
                0x00000160                HardFault_Handler
                0x00000160                SysTick_Handler
                0x00000160                PendSV_Handler
                0x00000160                NMI_Handler
                0x00000160                I2C1_IRQHandler
                0x00000160                UART1_IRQHandler
                0x00000160                TIMA1_IRQHandler
                0x00000160                UART0_IRQHandler
                0x00000160                ADC0_IRQHandler
                0x00000160                SPI1_IRQHandler
                0x00000160                TIMG0_IRQHandler
                0x00000160                ADC1_IRQHandler
                0x00000160                GROUP1_IRQHandler
                0x00000160                RTC_IRQHandler
                0x00000160                GROUP0_IRQHandler
                0x00000160                UART2_IRQHandler
                0x00000160                Default_Handler
                0x00000160                SVC_Handler
                0x00000160                TIMG12_IRQHandler
                0x00000160                DAC0_IRQHandler
                0x00000160                TIMG7_IRQHandler
                0x00000160                SPI0_IRQHandler
                0x00000160                AES_IRQHandler
                0x00000160                DMA_IRQHandler
                0x00000160                TIMA0_IRQHandler
                0x00000160                UART3_IRQHandler
                0x00000160                CANFD0_IRQHandler
 .text.Reset_Handler
                0x00000164       0x8c ./startup_mspm0g350x_gcc.o
                0x00000164                Reset_Handler
 .text.initStub
                0x000001f0        0x4 ./startup_mspm0g350x_gcc.o
                0x000001f0                initStub
                0x000001f0                _init
 .text.DL_Common_delayCycles
                0x000001f4        0xc C:/ti/mspm0_sdk_2_02_00_05/source\ti/driverlib/lib/gcc/m0p/mspm0g1x0x_g3x0x/driverlib.a(dl_common.o)
                0x000001f4                DL_Common_delayCycles
 .text.__libc_init_array
                0x00000200       0x44 C:/ti/ccs1271/ccs/tools/compiler/gcc-arm-none-eabi-9-2019-q4-major/arm-none-eabi/lib/thumb/v6-m/nofp\libc.a(lib_a-init.o)
                0x00000200                __libc_init_array
                0x00000248                . = ALIGN (0x8)
 *fill*         0x00000244        0x4 
 *(.ctors)
                0x00000248                . = ALIGN (0x8)
 *(.dtors)
                0x00000248                . = ALIGN (0x8)
 *(.init)
                0x00000248                . = ALIGN (0x8)
 *(.fini*)
                0x00000248                . = ALIGN (0x8)

.glue_7         0x00000248        0x0
 .glue_7        0x00000248        0x0 linker stubs

.glue_7t        0x00000248        0x0
 .glue_7t       0x00000248        0x0 linker stubs

.vfp11_veneer   0x00000248        0x0
 .vfp11_veneer  0x00000248        0x0 linker stubs

.v4_bx          0x00000248        0x0
 .v4_bx         0x00000248        0x0 linker stubs

.iplt           0x00000248        0x0
 .iplt          0x00000248        0x0 ./empty.o

.rel.dyn        0x00000248        0x0
 .rel.iplt      0x00000248        0x0 ./empty.o

.ramfunc        0x20200000        0x0 load address 0x00000248
                0x00000248                __ramfunct_load__ = LOADADDR (.ramfunc)
                0x20200000                __ramfunct_start__ = .
 *(.ramfunc)
                0x20200000                . = ALIGN (0x8)
                0x20200000                __ramfunct_end__ = .

.rodata         0x00000248        0x0
 *(.rodata)
                0x00000248                . = ALIGN (0x8)
 *(.rodata.*)
                0x00000248                . = ALIGN (0x8)

.preinit_array  0x00000248        0x0
                0x00000248                PROVIDE (__preinit_array_start = .)
 *(.preinit_array*)
                0x00000248                PROVIDE (__preinit_array_end = .)

.init_array     0x00000248        0x0
                0x00000248                . = ALIGN (0x8)
                0x00000248                PROVIDE (__init_array_start = .)
 *(SORT_BY_NAME(.init_array.*))
 *(.init_array*)
                0x00000248                PROVIDE (__init_array_end = .)

.fini_array     0x00000248        0x0
                0x00000248                . = ALIGN (0x8)
                [!provide]                PROVIDE (__fini_array_start = .)
 *(SORT_BY_NAME(.fini_array.*))
 *(.fini_array*)
                [!provide]                PROVIDE (__fini_array_end = .)
                0x00000248                . = ALIGN (0x8)

.ARM.exidx      0x00000248        0x0
                0x00000248                __exidx_start = .
 *(.ARM.exidx* .gnu.linkonce.armexidx.*)
                0x00000248                __exidx_end = .

.ARM.extab      0x00000248        0x0
                0x00000248                . = ALIGN (0x8)
 *(.ARM.extab* .gnu.linkonce.armextab.*)
                0x00000248                . = ALIGN (0x8)
                0x00000248                __etext = .

.data           0x20200000        0x0 load address 0x00000248
                0x00000248                __data_load__ = LOADADDR (.data)
                0x20200000                __data_start__ = .
 *(.data)
 .data          0x20200000        0x0 ./empty.o
 .data          0x20200000        0x0 ./ti_msp_dl_config.o
 .data          0x20200000        0x0 ./startup_mspm0g350x_gcc.o
 .data          0x20200000        0x0 C:/ti/mspm0_sdk_2_02_00_05/source\ti/driverlib/lib/gcc/m0p/mspm0g1x0x_g3x0x/driverlib.a(dl_common.o)
 .data          0x20200000        0x0 C:/ti/ccs1271/ccs/tools/compiler/gcc-arm-none-eabi-9-2019-q4-major/arm-none-eabi/lib/thumb/v6-m/nofp\libc.a(lib_a-init.o)
 *(.data*)
                0x20200000                . = ALIGN (0x8)
                0x20200000                __data_end__ = .

.igot.plt       0x20200000        0x0 load address 0x00000248
 .igot.plt      0x20200000        0x0 ./empty.o

.bss            0x20200000        0x0
                0x20200000                __bss_start__ = .
 *(.shbss)
 *(.bss)
 .bss           0x20200000        0x0 ./empty.o
 .bss           0x20200000        0x0 ./ti_msp_dl_config.o
 .bss           0x20200000        0x0 ./startup_mspm0g350x_gcc.o
 .bss           0x20200000        0x0 C:/ti/mspm0_sdk_2_02_00_05/source\ti/driverlib/lib/gcc/m0p/mspm0g1x0x_g3x0x/driverlib.a(dl_common.o)
 .bss           0x20200000        0x0 C:/ti/ccs1271/ccs/tools/compiler/gcc-arm-none-eabi-9-2019-q4-major/arm-none-eabi/lib/thumb/v6-m/nofp\libc.a(lib_a-init.o)
 *(.bss.*)
 *(COMMON)
                0x20200000                . = ALIGN (0x8)
                0x20200000                __bss_end__ = .

.noinit         0x20200000        0x0
 *(*.noinit*)
                0x20200000                . = ALIGN (0x8)

.heap           0x20200000        0x0
                0x20200000                __heap_start__ = .
                0x20200000                end = __heap_start__
                0x20200000                _end = end
                0x20200000                __end = end
 *(.heap)
                0x20200000                __heap_end__ = .
                0x20200000                __HeapLimit = __heap_end__

.stack          0x20200000        0x0
                0x20200000                _stack = .
 *(.stack)

.BCRConfig
 *(.BCRConfig)

.BSLConfig
 *(.BSLConfig)
                0x20208000                __StackTop = (ORIGIN (REGION_STACK) + LENGTH (REGION_STACK))
                [!provide]                PROVIDE (__stack = __StackTop)
LOAD C:/ti/mspm0_sdk_2_02_00_05/source\ti/driverlib/lib/gcc/m0p/mspm0g1x0x_g3x0x/driverlib.a
LOAD c:/ti/ccs1271/ccs/tools/compiler/gcc-arm-none-eabi-9-2019-q4-major/bin/../lib/gcc/arm-none-eabi/9.2.1/thumb/v6-m/nofp\libgcc.a
LOAD C:/ti/ccs1271/ccs/tools/compiler/gcc-arm-none-eabi-9-2019-q4-major/arm-none-eabi/lib/thumb/v6-m/nofp\libc.a
LOAD C:/ti/ccs1271/ccs/tools/compiler/gcc-arm-none-eabi-9-2019-q4-major/arm-none-eabi/lib/thumb/v6-m/nofp\libm.a
LOAD C:/ti/ccs1271/ccs/tools/compiler/gcc-arm-none-eabi-9-2019-q4-major/arm-none-eabi/lib/thumb/v6-m/nofp\libnosys.a
START GROUP
LOAD c:/ti/ccs1271/ccs/tools/compiler/gcc-arm-none-eabi-9-2019-q4-major/bin/../lib/gcc/arm-none-eabi/9.2.1/thumb/v6-m/nofp\libgcc.a
LOAD C:/ti/ccs1271/ccs/tools/compiler/gcc-arm-none-eabi-9-2019-q4-major/arm-none-eabi/lib/thumb/v6-m/nofp\libg.a
LOAD C:/ti/ccs1271/ccs/tools/compiler/gcc-arm-none-eabi-9-2019-q4-major/arm-none-eabi/lib/thumb/v6-m/nofp\libc.a
END GROUP
OUTPUT(empty_LP_MSPM0G3507_nortos_gcc.out elf32-littlearm)

.debug_info     0x00000000    0x14c82
 .debug_info    0x00000000     0x6fe4 ./empty.o
 .debug_info    0x00006fe4     0x7395 ./ti_msp_dl_config.o
 .debug_info    0x0000e379      0x1bc ./startup_mspm0g350x_gcc.o
 .debug_info    0x0000e535     0x674d C:/ti/mspm0_sdk_2_02_00_05/source\ti/driverlib/lib/gcc/m0p/mspm0g1x0x_g3x0x/driverlib.a(dl_common.o)

.debug_abbrev   0x00000000      0x84b
 .debug_abbrev  0x00000000      0x238 ./empty.o
 .debug_abbrev  0x00000238      0x36c ./ti_msp_dl_config.o
 .debug_abbrev  0x000005a4       0xe7 ./startup_mspm0g350x_gcc.o
 .debug_abbrev  0x0000068b      0x1c0 C:/ti/mspm0_sdk_2_02_00_05/source\ti/driverlib/lib/gcc/m0p/mspm0g1x0x_g3x0x/driverlib.a(dl_common.o)

.debug_aranges  0x00000000       0xa8
 .debug_aranges
                0x00000000       0x20 ./empty.o
 .debug_aranges
                0x00000020       0x38 ./ti_msp_dl_config.o
 .debug_aranges
                0x00000058       0x30 ./startup_mspm0g350x_gcc.o
 .debug_aranges
                0x00000088       0x20 C:/ti/mspm0_sdk_2_02_00_05/source\ti/driverlib/lib/gcc/m0p/mspm0g1x0x_g3x0x/driverlib.a(dl_common.o)

.debug_ranges   0x00000000       0xf0
 .debug_ranges  0x00000000       0x10 ./empty.o
 .debug_ranges  0x00000010       0xb0 ./ti_msp_dl_config.o
 .debug_ranges  0x000000c0       0x20 ./startup_mspm0g350x_gcc.o
 .debug_ranges  0x000000e0       0x10 C:/ti/mspm0_sdk_2_02_00_05/source\ti/driverlib/lib/gcc/m0p/mspm0g1x0x_g3x0x/driverlib.a(dl_common.o)

.debug_line     0x00000000     0x10cd
 .debug_line    0x00000000      0x43a ./empty.o
 .debug_line    0x0000043a      0x657 ./ti_msp_dl_config.o
 .debug_line    0x00000a91      0x215 ./startup_mspm0g350x_gcc.o
 .debug_line    0x00000ca6      0x427 C:/ti/mspm0_sdk_2_02_00_05/source\ti/driverlib/lib/gcc/m0p/mspm0g1x0x_g3x0x/driverlib.a(dl_common.o)

.debug_str      0x00000000     0x2a83
 .debug_str     0x00000000     0x2342 ./empty.o
                               0x24c1 (size before relaxing)
 .debug_str     0x00002342      0x44e ./ti_msp_dl_config.o
                               0x28ff (size before relaxing)
 .debug_str     0x00002790      0x13d ./startup_mspm0g350x_gcc.o
                                0x2e2 (size before relaxing)
 .debug_str     0x000028cd      0x1b6 C:/ti/mspm0_sdk_2_02_00_05/source\ti/driverlib/lib/gcc/m0p/mspm0g1x0x_g3x0x/driverlib.a(dl_common.o)
                               0x2129 (size before relaxing)

.comment        0x00000000       0x79
 .comment       0x00000000       0x79 ./empty.o
                                 0x7a (size before relaxing)
 .comment       0x00000079       0x7a ./ti_msp_dl_config.o
 .comment       0x00000079       0x7a ./startup_mspm0g350x_gcc.o
 .comment       0x00000079       0x7a C:/ti/mspm0_sdk_2_02_00_05/source\ti/driverlib/lib/gcc/m0p/mspm0g1x0x_g3x0x/driverlib.a(dl_common.o)

.ARM.attributes
                0x00000000       0x2c
 .ARM.attributes
                0x00000000       0x2b ./empty.o
 .ARM.attributes
                0x0000002b       0x2b ./ti_msp_dl_config.o
 .ARM.attributes
                0x00000056       0x2b ./startup_mspm0g350x_gcc.o
 .ARM.attributes
                0x00000081       0x2b C:/ti/mspm0_sdk_2_02_00_05/source\ti/driverlib/lib/gcc/m0p/mspm0g1x0x_g3x0x/driverlib.a(dl_common.o)
 .ARM.attributes
                0x000000ac       0x2c C:/ti/ccs1271/ccs/tools/compiler/gcc-arm-none-eabi-9-2019-q4-major/arm-none-eabi/lib/thumb/v6-m/nofp\libc.a(lib_a-init.o)

.debug_frame    0x00000000      0x11c
 .debug_frame   0x00000000       0x28 ./empty.o
 .debug_frame   0x00000028       0x60 ./ti_msp_dl_config.o
 .debug_frame   0x00000088       0x48 ./startup_mspm0g350x_gcc.o
 .debug_frame   0x000000d0       0x20 C:/ti/mspm0_sdk_2_02_00_05/source\ti/driverlib/lib/gcc/m0p/mspm0g1x0x_g3x0x/driverlib.a(dl_common.o)
 .debug_frame   0x000000f0       0x2c C:/ti/ccs1271/ccs/tools/compiler/gcc-arm-none-eabi-9-2019-q4-major/arm-none-eabi/lib/thumb/v6-m/nofp\libc.a(lib_a-init.o)

.debug_loc      0x00000000       0x13
 .debug_loc     0x00000000       0x13 ./startup_mspm0g350x_gcc.o
